  Identification des projets à restaurer...
  Tous les projets sont à jour pour la restauration.
C:\wamp64\www\SimNite\ViewModels\MainViewModel.cs(29,60): warning CS8604: Existence possible d'un argument de référence null pour le paramètre 'navigateCommand' dans 'NavigationStep.NavigationStep(int number, string title, string description, ICommand navigateCommand)'. [C:\wamp64\www\SimNite\SimNite_3czwziyj_wpftmp.csproj]
C:\wamp64\www\SimNite\ViewModels\MainViewModel.cs(30,72): warning CS8604: Existence possible d'un argument de référence null pour le paramètre 'navigateCommand' dans 'NavigationStep.NavigationStep(int number, string title, string description, ICommand navigateCommand)'. [C:\wamp64\www\SimNite\SimNite_3czwziyj_wpftmp.csproj]
C:\wamp64\www\SimNite\ViewModels\MainViewModel.cs(31,64): warning CS8604: Existence possible d'un argument de référence null pour le paramètre 'navigateCommand' dans 'NavigationStep.NavigationStep(int number, string title, string description, ICommand navigateCommand)'. [C:\wamp64\www\SimNite\SimNite_3czwziyj_wpftmp.csproj]
C:\wamp64\www\SimNite\ViewModels\MainViewModel.cs(32,65): warning CS8604: Existence possible d'un argument de référence null pour le paramètre 'navigateCommand' dans 'NavigationStep.NavigationStep(int number, string title, string description, ICommand navigateCommand)'. [C:\wamp64\www\SimNite\SimNite_3czwziyj_wpftmp.csproj]
C:\wamp64\www\SimNite\ViewModels\InstallViewModel.cs(63,18): error CS1729: 'InstallTask' ne contient pas de constructeur qui accepte des arguments 1 [C:\wamp64\www\SimNite\SimNite_3czwziyj_wpftmp.csproj]
C:\wamp64\www\SimNite\ViewModels\MainViewModel.cs(112,38): warning CS8604: Existence possible d'un argument de référence null pour le paramètre 'item' dans 'int Collection<NavigationStep>.IndexOf(NavigationStep item)'. [C:\wamp64\www\SimNite\SimNite_3czwziyj_wpftmp.csproj]

ÉCHEC de la build.

C:\wamp64\www\SimNite\ViewModels\MainViewModel.cs(29,60): warning CS8604: Existence possible d'un argument de référence null pour le paramètre 'navigateCommand' dans 'NavigationStep.NavigationStep(int number, string title, string description, ICommand navigateCommand)'. [C:\wamp64\www\SimNite\SimNite_3czwziyj_wpftmp.csproj]
C:\wamp64\www\SimNite\ViewModels\MainViewModel.cs(30,72): warning CS8604: Existence possible d'un argument de référence null pour le paramètre 'navigateCommand' dans 'NavigationStep.NavigationStep(int number, string title, string description, ICommand navigateCommand)'. [C:\wamp64\www\SimNite\SimNite_3czwziyj_wpftmp.csproj]
C:\wamp64\www\SimNite\ViewModels\MainViewModel.cs(31,64): warning CS8604: Existence possible d'un argument de référence null pour le paramètre 'navigateCommand' dans 'NavigationStep.NavigationStep(int number, string title, string description, ICommand navigateCommand)'. [C:\wamp64\www\SimNite\SimNite_3czwziyj_wpftmp.csproj]
C:\wamp64\www\SimNite\ViewModels\MainViewModel.cs(32,65): warning CS8604: Existence possible d'un argument de référence null pour le paramètre 'navigateCommand' dans 'NavigationStep.NavigationStep(int number, string title, string description, ICommand navigateCommand)'. [C:\wamp64\www\SimNite\SimNite_3czwziyj_wpftmp.csproj]
C:\wamp64\www\SimNite\ViewModels\MainViewModel.cs(112,38): warning CS8604: Existence possible d'un argument de référence null pour le paramètre 'item' dans 'int Collection<NavigationStep>.IndexOf(NavigationStep item)'. [C:\wamp64\www\SimNite\SimNite_3czwziyj_wpftmp.csproj]
C:\wamp64\www\SimNite\ViewModels\InstallViewModel.cs(63,18): error CS1729: 'InstallTask' ne contient pas de constructeur qui accepte des arguments 1 [C:\wamp64\www\SimNite\SimNite_3czwziyj_wpftmp.csproj]
    5 Avertissement(s)
    1 Erreur(s)

Temps écoulé 00:00:01.79
